N E X T F L O W  ~  version 25.10.4
Launching `main.nf` [crazy_ekeblad] DSL2 - revision: f01c789156
WARN: Config setting `docker.userEmulation` is not supported anymore
[93/aa0b6e] Submitted process > AL_AWGS:MERGE_MINKNOW (25NGS0387_24hr)
[99/d3405a] Submitted process > AL_AWGS:MERGE_MINKNOW (25NGS1254_24hr)
[92/66a1d1] Submitted process > AL_AWGS:MERGE_MINKNOW (25NGS0111_24hr)
[ea/183834] Submitted process > AL_AWGS:T2T_TRACK:REALIGN_T2T (25NGS0111_24hr)
[ae/969214] Submitted process > AL_AWGS:HG38_TRACK:REALIGN_HG38 (25NGS0111_24hr)
[f6/ec2fcf] Submitted process > AL_AWGS:T2T_TRACK:REALIGN_T2T (25NGS1254_24hr)
[6b/139986] Submitted process > AL_AWGS:HG38_TRACK:REALIGN_HG38 (25NGS1254_24hr)
[2a/22bfc0] Submitted process > AL_AWGS:T2T_TRACK:QC_ONTARGET (25NGS0111_24hr)
[c9/496a3b] Submitted process > AL_AWGS:T2T_TRACK:FOCAL_INTRAGENIC_DUP (25NGS0111_24hr MYB-dup)
[36/5520a2] Submitted process > AL_AWGS:T2T_TRACK:FOCAL_INTRAGENIC_DUP (25NGS0111_24hr KMT2A-PTD)
[7f/8dc560] Submitted process > AL_AWGS:T2T_TRACK:FOCAL_INTRAGENIC_DUP (25NGS0111_24hr PAX5-amp)
[08/d97849] Submitted process > AL_AWGS:T2T_TRACK:SNIFFLES (25NGS0111_24hr)
[13/b26adc] Submitted process > AL_AWGS:T2T_TRACK:SEVERUS (25NGS0111_24hr)
[cf/9cde9a] Submitted process > AL_AWGS:HG38_TRACK:REALIGN_HG38 (25NGS0387_24hr)
[10/1362c7] Submitted process > AL_AWGS:T2T_TRACK:CUTESV (25NGS0111_24hr)
[4b/3bdc85] Submitted process > AL_AWGS:T2T_TRACK:FOCAL_INTRAGENIC_DUP (25NGS1254_24hr MYB-dup)
[13/e4feab] Submitted process > AL_AWGS:T2T_TRACK:FOCAL_INTRAGENIC_DUP (25NGS1254_24hr PAX5-amp)
[36/9b17ee] Submitted process > AL_AWGS:T2T_TRACK:FOCAL_INTRAGENIC_DUP (25NGS1254_24hr KMT2A-PTD)
[11/8b9230] Submitted process > AL_AWGS:T2T_TRACK:QC_ONTARGET (25NGS1254_24hr)
[56/7c8a09] Submitted process > AL_AWGS:T2T_TRACK:SURVIVOR_MERGE (25NGS0111_24hr)
[77/219a92] Submitted process > AL_AWGS:T2T_TRACK:ANNOTATE_AL_FUSIONS (25NGS0111_24hr [ALL])
[02/f71ff4] Submitted process > AL_AWGS:T2T_TRACK:AUGMENT_SV_SUPPORT (25NGS0111_24hr)
[e3/b24257] Submitted process > AL_AWGS:T2T_TRACK:MERGE_TRANSLOCATIONS (25NGS0111_24hr)
[30/4a690a] Submitted process > AL_AWGS:T2T_TRACK:REALIGN_T2T (25NGS0387_24hr)
[b1/d83557] Submitted process > AL_AWGS:HG38_TRACK:FOCAL_TANDEM_DUP (25NGS0111_24hr FLT3-ITD)
[34/d86e4e] Submitted process > AL_AWGS:T2T_TRACK:SEVERUS (25NGS1254_24hr)
[04/11b87d] Submitted process > AL_AWGS:T2T_TRACK:SNIFFLES (25NGS1254_24hr)
[a7/8c0bd1] Submitted process > AL_AWGS:T2T_TRACK:CUTESV (25NGS1254_24hr)
[59/ab5f1f] Submitted process > AL_AWGS:HG38_TRACK:CLAIRS_TO (25NGS0111_24hr)
[10/10748a] Submitted process > AL_AWGS:HG38_TRACK:CLAIR3_PHASED (25NGS0111_24hr)
[3b/29e713] Submitted process > AL_AWGS:HG38_TRACK:ICHORCNA (25NGS0111_24hr)
[4c/6a5568] Submitted process > AL_AWGS:T2T_TRACK:SURVIVOR_MERGE (25NGS1254_24hr)
[03/6c6122] Submitted process > AL_AWGS:T2T_TRACK:CUTESV (25NGS0387_24hr)
[60/af9f22] Submitted process > AL_AWGS:T2T_TRACK:QC_ONTARGET (25NGS0387_24hr)
[5f/5a3348] Submitted process > AL_AWGS:T2T_TRACK:SEVERUS (25NGS0387_24hr)
[17/200fbe] Submitted process > AL_AWGS:T2T_TRACK:FOCAL_INTRAGENIC_DUP (25NGS0387_24hr MYB-dup)
[3c/81d714] Submitted process > AL_AWGS:T2T_TRACK:FOCAL_INTRAGENIC_DUP (25NGS0387_24hr KMT2A-PTD)
[62/e6ae21] Submitted process > AL_AWGS:T2T_TRACK:FOCAL_INTRAGENIC_DUP (25NGS0387_24hr PAX5-amp)
[ae/f40dbf] Submitted process > AL_AWGS:HG38_TRACK:FOCAL_TANDEM_DUP (25NGS1254_24hr FLT3-ITD)
[c3/656088] Submitted process > AL_AWGS:T2T_TRACK:ANNOTATE_AL_FUSIONS (25NGS1254_24hr [ALL])
[23/5b2257] Submitted process > AL_AWGS:T2T_TRACK:AUGMENT_SV_SUPPORT (25NGS1254_24hr)
[94/c5f031] Submitted process > AL_AWGS:T2T_TRACK:MERGE_TRANSLOCATIONS (25NGS1254_24hr)
[74/8fd859] Submitted process > AL_AWGS:T2T_TRACK:SNIFFLES (25NGS0387_24hr)
[44/a64a8e] Submitted process > AL_AWGS:T2T_TRACK:GENE_CNV (25NGS1254_24hr [ALL])
[25/0dc11b] Submitted process > AL_AWGS:T2T_TRACK:GENE_CNV (25NGS0111_24hr [ALL])
[15/45b5b1] Submitted process > AL_AWGS:T2T_TRACK:GENE_CNV (25NGS0387_24hr [ALL])
[00/263ee9] Submitted process > AL_AWGS:HG38_TRACK:CLAIR3_PHASED (25NGS1254_24hr)
[60/12672a] Submitted process > AL_AWGS:HG38_TRACK:ICHORCNA (25NGS1254_24hr)
[7f/5e0ab0] Submitted process > AL_AWGS:HG38_TRACK:CLAIRS_TO (25NGS1254_24hr)
[00/2926fc] Submitted process > AL_AWGS:HG38_TRACK:ICHORCNA (25NGS0387_24hr)
[37/8b4852] Submitted process > AL_AWGS:HG38_TRACK:CLAIRS_TO (25NGS0387_24hr)
[1b/bbecdb] Submitted process > AL_AWGS:HG38_TRACK:FOCAL_TANDEM_DUP (25NGS0387_24hr FLT3-ITD)
[5a/00790c] Submitted process > AL_AWGS:T2T_TRACK:SURVIVOR_MERGE (25NGS0387_24hr)
[0b/d97e88] Submitted process > AL_AWGS:T2T_TRACK:ANNOTATE_AL_FUSIONS (25NGS0387_24hr [ALL])
[b3/aa6aae] Submitted process > AL_AWGS:T2T_TRACK:AUGMENT_SV_SUPPORT (25NGS0387_24hr)
[56/421d33] Submitted process > AL_AWGS:T2T_TRACK:MERGE_TRANSLOCATIONS (25NGS0387_24hr)
[cb/c71ab2] Submitted process > AL_AWGS:HG38_TRACK:CLAIR3_PHASED (25NGS0387_24hr)

============================================================
leukemia_awgs run complete
============================================================
status:   FAILED
runName:  crazy_ekeblad
duration: 1h 21m 22s
outdir:   results_20260818_BALL_24hr
workDir:  /goast/leukemia_awgs/work

WARN: Killing running tasks (3)
ERROR ~ Pipeline failed: SIGTERM

 -- Check '.nextflow.log' file for details
